[   0.000000] Initializing cgrupsubsys cpuset
[    0.000000] Initializing cgroup subsys cpu
[    0.000000] Initializing cgroup subsys cpuacct
[    0.000000] Linux version 4.4.0-43-generic (uildd@lgw01-22) (gcc version 5.4.0 20160609 (Ubuntu 5..0-6ubuntu1~16.04.2) ) #63-Ubuntu SMP Wed Oct 12 13:48:03 UTC 2016 (Ubuntu 4.4.0-43.63-generic 4.4.21)
[    0.00000] Command line: BOOT_IMAGE=/boot/vmlinuz-4.4.0-43-generic root=LABEL=cloudimg-rootfs ro consoe=tty1 console=ttyS0
[    0.000000] KERNEL supported cpus:
[    0.000000]   Intel GenuineIntel
[    0.000000]  AMD AuthenticAMD
[    0.000000   Centaur Centaurauls
[    0.000000] x86/fpu: xstate_offset[2]:  576, xstate_sizes[2]:  256
[    0.000000] x86/fpu: Supporting XSAVE feature 0x01: 'x87 floating point registers'
[    0.000000] x86/fpu: Supporting XSAVE feature 0x02: 'SSE registers'
[    0.000000] x86/fpu: Supporting XSAVE feature 0x04: 'AVX registers'
[    0.000000] x86/fpu: Enabled xstate features 0x7, context size is 832 bytes, using 'standard' format.
    0.000000] x86/fpu: Ussing 'lazy' FPU context switches.
[    0.000000] e820: BIOS-provde phyical RAM map:
[    0.00000 BIOS-e820: [mem 00000000000000000-0x0000000009fbff] usable
[    0.000000] BIOS-e820: [mem 0x000000000009fc00-0x000000000009ffff] reserved
[    0.000000] BIOS-e820: [mem 0x00000000000f0000-0x00000000000fffff] reserved
[    0.000000] BIOS-e820: [mem 0x0000000000100000-0x00000000dffeffff] usable
[    0.000000] BIOS-e820: [mem 0x00000000dfff0000-0x00000000dfffffff] ACPI data
[    0.000000] BIOS-e820: [mem 0x00000000fffc00000x00000000ffffffff] reserved
[    0.00000] BIOS-e820: [mem 0x0000000100000000-0x000000011fffffff] usable
[    0.000000] NX (Execute Disable) protection: active
[    0.000000] SMBIOS 2.5 present.
[    0.000000] Hypervisor detected: KVM
[    0.000000] e820: last_pfn = 0x120000 max_arch_pfn = 0x400000000
[    0.000000] MTRR: Disabled
[    0.000000] x86/PAT: MTRs disabled, skipping PAT initialization too.
[    0.000000] x86/PAT: Configuration [0-7]:WB  WT  UC- UC  WB  WT  UC- UC  
[    0.0000] CPU MTRRs all blank - virtualized system.
[    0.000000] e820: last_pfn = 0xdfff0 max_archpfn = 0x400000000
[    0.00000] found SMP MP-tabe t [mem 0x0009fff0-0x0009fff] mapped at [ffff88000009fff0]
[    .000000] Scanning 1 area fr low memory corruption
[    0000000] RAMDISK: [mem 0x36fd8000-0x377e3f]

[    0.000000] ACPI: Early table checksum verification disabled
[    0.00000] ACPI: RSP 0x00000000000E0000 0004 (v02 VBOX  )
[    0.000000] ACPI: XSDT 0x00000000DFFF0030 0000C (v01 VBOX   VBOXXSDT 00000001 ASL  00000061)
[    0.000000] ACPI: FACP 0x00000000DFFF00F0 0000F4 (v04 VBOX   VBOXFACP 00000001 ASL  00000061)
[    0.000000] ACPI DSDT 0x00000000DFFF0470 002106 (v01 VBOX  VBOXBIOS 00000002 INTL 20100528)
[    0.000000] ACPI: FACS 0x00000000FF0200 000040
[    0.000000] ACPI: FACS 0x00000000DFFF0200 000040
[    0.000000] ACPIAPIC 0x00000000DFFF0240 00005C (v02 VBOX   VBOXAPIC 00000001 ASL  0000001)
[    0.0000] ACPI: SSDT 0x00000000DFFF02A0 0001CC (v01 VBOX   VBOXCPUT 00000002 INTL 20100528)
[    0.000000] No NUMA configuration found
[    0.000000] Faking a node at [mem 0x0000000000000000-0x000000011fffffff]
[    0.000000] NODE_DATA(0) allocated [mem 0x11fff7000-0x11fffbfff]
[    0.000000] kvm-clock: Using msrs 4b564d01 and 4b564d00
[    0.000000] kvm-clock: cpu 0, msr 1:1ff3001, primary cpu clock
[    0.00000] kvm-clock: using sched offset of 3744941361 ccles
[    0.000000] clocksource: kvm-clock: mask: 0xffffffffffffffff max_cycles: 0x1cd42e4dffb, max_idle_ns: 881590591483 ns
[    0.000000] Zone ranges:
[    0.000000]   DMA      [mem 0x000000000001000-0x0000000000ffffff]
[    0.000000]   DMA32    [mem 0x0000000001000000-0x00000000ffffffff]
[    0.000000]   Normal   [mem 0x000000010000000-0x000000011fffffff]
[    0.000000]   Device   empty
[    0000000] Movable zone start for each node
[    0.000000] Early memory node ranges
[    0.0000000]   node   0: [mem 0x0000000000001000-0x000000000009efff]
[    0.000000]   node   0: [mem 0x0000000000100000-00000000dffeffff]
[    0.0000]   node   0: [mem 0x0000000100000000-0x000000011fffffff]
[    0.000000] Initmem setup node 0 [mem 0x000000000000000-0x000000011fffffff]
[    0.00000] ACP: PM-Timer IO Port: 0x4008
[    0.000000] IOAPIC[0]: apic_id 2, version 17, address 0xfec00000, GSI 0-23
[    0.000000] ACPI: INT_SRC_OVR (bus 0 bus_irq 0 global_irq 2 dfl dfl)
[    0.000000] ACPI: INT_SRC_OVR (bus 0 bus_irq 9 global_irq 9 high level)
[    0.000000] Using ACPI (MADT) for SMP configuration information
[    0.000000] smpboot: Allowing 2 CPUs, 0 hotplug CPUs
[    0.000000] PM: Registered nosave memory: [mem 0x00000000-0x00000fff]
[    0.000000] PM: Registered nosave memory: [mem 0x0009f000-0x0009ffff]
[    0.000000] PM: Registered nosave memory: [mem 0x000a0000-0x000effff]
[    0.000000] PM: Registered nosave memory: [mem 0x000f0000-0x000fffff]
[    0.000000] PM: Registered nosave meory: [mem 0xdfff0000-xdfffffff]
[    0.000000] PM: Registered nosave memory: [mem 0xe0000000-0xfffbffff]
[    0.000000] PM: Registered nosave memory: [me 0xfffc0000-0xffffffff]
[    0.000000] e820: [mem 0xe0000000-0xfffbfff] available for PCI devices
[    0.000000] Booting parairtualized kernel on KVM
[    0.000000] clocksource: refined-jiffies: mask: 0xffffffff max_cycles: 0xffffffff, max_idle_ns: 7645519600211568 ns
[    0.000000] setup_percpu: NR_CPUS:256 nr_cpumask_bits:256 nr_cpu_ids:2 nr_node_ids:1
[    0.000000] PERCPU: Embedded 33 pages/cpu @ffff88011fc00000 s98008 r8192 d28968 u1048576
[    0.000000] PV qspinlock hash tabe entries: 256 (order: 0, 4096 bytes)
[    0.000000] Built 1 zonelists in Node order, mobility grouping on.  Total pages: 1032057
[    0.000000] Policy zone: Normal
[   0.000000] Kernel command line: BOOT_IMAGE=/boot/vmlinuz-4.4.0-43-generic root=LABEL=cloudimg-rootfs ro console=tty1 console=ttyS0
[    0.000000] PID hash table entries: 4096 (order: 3, 32768 bytes)
[    0.000000] Memory: 4034908K/419388K avilble (8409K kernel code, 1283K rwdata, 394K rodata, 1480K init, 1292K bss, 158940K reserved, 0K cma-reserved)
[    0.000000] SLUB: HWalign=64, Order=0-3, MinObjects=0, CPUs=2, Nodes=1
[    0.000000] Hierarchical RCU implementation.
[    0.000000] 	Build-time adjustment of leaf fanout to 64.
[    0.000000] 	RCU restricting CPUs from NR_CPUS=256 to nr_cpu_ids=2.
[    0.000000] RCU: Adjusting geometry for rcu_fanout_leaf=64, nr_cpu_ids=2
[    0.000000] N_IRQS:16640 nr_irqs:40 16
[    0.000000] onsole: colour VGA+ 80x2
[    0.000000] console [tty1] enabled
[    0.00000] consol [ttyS0] enabled
[   0.000000] tsc: Detected 1999.999 MHz processor
[    3.887636] Calibrating delay loop (skipped) preset value.. 3999.99 BogoMIPS (lpj=7999996)
[    3.890961] pid_max: default: 32768 minimum: 301
[    3.899030] ACPI: Core revision 20150930
[    3.906027] ACPI: 2 ACPI AML tables successfully acquired and loaded
[    3.908360] Security Framework initialized
[    3.909931] Yama: becoming mindful.
[    3.915683] AppArmor: AppArmor initialized
[    3.925029] Dentry cache hash table entries: 524288 (order: 10, 4194304 bytes)
[    3.935716] Inode-cache hash table entries: 262144 (order: 9, 2097152 bytes)
[    3.960728] Mount-cache hash table entries: 8192 (order: 4, 65536 bytes)
[    3.971469] Mountpoint-cache hash table entries: 8192 (order: 4, 65536 bytes)
[    3.993956] Initializing cgroup subsys io
[    4.000840] Initializing cgroup subsys memory
[    4.010401] Initializing cgroup subsys devices
[    4.037884] Initializing cgroup subsys freezer
[    4.047586] Initializing cgroup subsys net_cls
[    4.049342] Initializing cgroup subsys perf_event
[    4.052312] Initializing cgroup subsys net_prio
[    4.054300] Initializing cgroup subsys hugetlb
[    4.063997] Initializing cgroup subsys pids
[    4.071370] CPU: Physical Processor ID: 0
[    4.072994] CPU: Processor Core ID: 0
[    4.075477] mce: CPU supports 0 MCE banks
[    4.077315] Last level iTLB entries: 4KB 1024, 2MB 1024, 4MB 1024
[    4.103792] Last level dTLB entries: 4KB 1024, 2MB 1024, 4MB 1024, 1GB 4
[    4.124002] Freeing SMP alternatives memory: 32K (ffffffff820b4000 - ffffffff820bc000)
[    4.158180] ftrace: allocating 32007 entries in 126 pages
[    4.235106] smpboot: Max logical packages: 1
[    4.239851] smpboot: APIC(0) Converting physical 0 to logical package 0
[    4.250140] ..TIMER: vector=0x30 apic1=0 pin1=2 apic2=-1 pin2=-1
[    4.413776] smpboot: CPU0: Intel(R) Core(TM) i5-4260U CPU @ 1.40GHz (family: 0x6, model: 0x45, stepping: 0x1)
[    4.447506] Performance Events: unsupported p6 CPU model 69 no PMU driver, software events only.
[    4.507511] KVM setup paravirtual spinlock
[    4.513523] x86: Booting SMP configuration:
[    4.525630] .... node  #0, CPUs:      #1
[    4.535900] kvm-clock: cpu 1, msr 1:1fff3041, secondary cpu clock
[    4.551254] mce: CPU supports 0 MCE banks
[    4.596984] x86: Booted up 1 node, 2 CPUs
[    4.615500] smpboot: Total of 2 processors activated (7999.99 BogoMIPS)
[    4.637417] devtmpfs: initialized
[    4.646022] evm: security.selinux
[    4.657961] evm: security.SMACK64
[    4.665097] evm: security.SMACK64EXEC
[    4.667834] evm: security.SMACK64TRANSMUTE
[    4.670945] evm: security.SMACK64MMAP
[    4.678815] evm: security.ima
[    4.680030] evm: security.capability
[    4.682061] clocksource: jiffies: mask: 0xffffffff max_cycles: 0xffffffff, max_idle_ns: 7645041785100000 ns
[    4.696936] pinctrl core: initialized pinctrl subsystem
[    4.706329] RTC time:  9:28:49, date: 10/16/16
[    4.715153] NET: Registered protocol family 16
[    4.730352] cpuidle: using governor ladder
[    4.754612] cpuidle: using governor menu
[    4.759049] PCCT header not found.
[    4.776172] ACPI: bus type PCI registered
[    4.786050] acpiphp: ACPI Hot Plug PCI Controller Driver version: 0.5
[    4.805756] PCI: Using configuration type 1 for base access
[    4.842426] ACPI: Added _OSI(Module Device)
[    4.846945] ACPI: Added _OSI(Processor Device)
[    4.856842] ACPI: Added _OSI(3.0 _SCP Extensions)
[    4.871852] ACPI: Added _OSI(Processor Aggregator Device)
[    4.880967] ACPI: Executed 1 blocks of module-level executable AML code
[    4.907141] ACPI: Interpreter enabled
[    4.927536] ACPI Exception: AE_NOT_FOUND, While evaluating Sleep State [\_S1_] (20150930/hwxface-580)
[    4.959042] ACPI Exception: AE_NOT_FOUND, While evaluating Sleep State [\_S2_] (20150930/hwxface-580)
[    4.985982] ACPI Exception: AE_NOT_FOUND, While evaluating Sleep State [\_S3_] (20150930/hwxface-580)
[    5.005506] ACPI Exception: AE_NOT_FOUND, While evaluating Sleep State [\_S4_] (20150930/hwxface-580)
[    5.015615] ACPI: (supports S0 S5)
[    5.019744] ACPI: Using IOAPIC for interrupt routing
[    5.027943] PCI: Using host bridge windows from ACPI; if necessary, use "pci=nocrs" and report a bug
[    5.041238] ACPI: PCI Root Bridge [PCI0] (domain 0000 [bus 00-ff])
[    5.044504] acpi PNP0A03:00: _OSC: OS supports [ASPM ClockPM Segments MSI]
[    5.048343] acpi PNP0A03:00: _OSC failed (AE_NOT_FOUND); disabling ASPM
[    5.051962] acpi PNP0A03:00: fail to add MMCONFIG information, can't access extended PCI configuration space under this bridge.
[    5.057955] PCI host bridge to bus 0000:00
[    5.066967] pci_bus 0000:00: root bus resource [io  0x0000-0x0cf7 window]
[    5.075504] pci_bus 0000:00: root bus resource [io  0x0d00-0xffff window]
[    5.077672] pci_bus 0000:00: root bus resource [mem 0x000a0000-0x000bffff window]
[    5.082161] pci_bus 0000:00: root bus resource [mem 0xe0000000-0xffdfffff window]
[    5.152064] pci_bus 0000:00: root bus resource [bus 00-ff]
[    5.219345] pci 0000:00:01.1: legacy IDE quirk: reg 0x10: [io  0x01f0-0x01f7]
[    5.231161] pci 0000:00:01.1: legacy IDE quirk: reg 0x14: [io  0x03f6]
[    5.235158] pci 0000:00:01.1: legacy IDE quirk: reg 0x18: [io  0x0170-0x0177]
[    5.240295] pci 0000:00:01.1: legacy IDE quirk: reg 0x1c: [io  0x0376]
[    5.343552] ACPI: PCI Interrupt Link [LNKA] (IRQs 5 9 10 11) *0, disabled.
[    5.369417] ACPI: PCI Interrupt Link [LNKB] (IRQs 5 9 10 *11)
[    5.383224] ACPI: PCI Interrupt Link [LNKC] (IRQs 5 9 *10 11)
[    5.391706] ACPI: PCI Interrupt Link [LNKD] (IRQs 5 *9 10 11)
[    5.394742] ACPI: Enabled 2 GPEs in block 00 to 07
[    5.403247] vgaarb: setting as boot device: PCI:0000:00:02.0
[    5.406474] vgaarb: device added: PCI:0000:00:02.0,decodes=io+mem,owns=io+mem,locks=none
[    5.411501] vgaarb: loaded
[    5.415469] vgaarb: bridge control possible 0000:00:02.0
[    5.420201] SCSI subsystem initialized
[    5.424139] ACPI: bus type USB registered
[    5.438853] usbcore: registered new interface driver usbfs
[    5.457956] usbcore: registered new interface driver hub
[    5.473952] usbcore: registered new device driver usb
[    5.489521] PCI: Using ACPI for IRQ routing
[    5.496254] NetLabel: Initializing
[    5.520577] NetLabel:  domain hash size = 128
[    5.557998] NetLabel:  protocols = UNLABELED CIPSOv4
[    5.601903] NetLabel:  unlabeled traffic allowed by default
[    5.614258] amd_nb: Cannot enumerate AMD northbridges
[    5.621293] clocksource: Switched to clocksource kvm-clock
[    5.660209] AppArmor: ppmor Filesystem Enabled
[    .778159] pp: PnP ACPI init
[    5.864823] pp: PnP ACPI: foud 3 devices

[    5.970698] clocksource:acpi_pm: msk: 0xfffff max_cycles: 0xffffff, max_le_ns: 2085701024 ns
[    6.211964] NET: Regited protocol family 2
[    6.67939] TCP established sh table entries: 32768 (order: 6, 262144 bytes)

[    6.501782] TCP bind hash table entries: 32768 (order: 7, 524288 bytes)
[    6.7257] TP: Hash tables configured (established 32768 bind 32768)
[   6.640362] UDP hash table entries: 2048(order: 4, 655 btes)
[    6.855788] UDP-Lite hash table entries: 2048 (order: , 65536 bytes)
[   6.909348] NET: Registered protocol family 1
[    6.944982] pci 0000:00:00.0: Limiting direct PCI/PCI transfers
[   6.947502] pci 000000:01.0: Activating IA DMA hang workarounds
[   7.075214] Trying to unpack rootfs image as initramfs...

[   10.043662] Freeing initrd memory: 8240K (ffff880036fd8000 - ffff8800377e4000)
[   10.071742] PCI-DMA: Using software bounce buffering for IO (SWIOTLB)
[   10.075795] software IO TLB [mem 0xdbff0000-0xdfff0000] (64MB) mapped at [ffff8800dbff0000-ffff8800dffeffff]
[   10.094295] RAPL PMU detected, API unit is 2^-32 Joules, 4 fixed counters 10737418240 ms ovfl timer
[   10.108785] hw unit of domain pp0-core 2^-0 Joules
[   10.120606] hw unit of domain package 2^-0 Joules
[   10.132127] hw unit of domain dram 2^-0 Joules
[   10.150480] hw unit of domain pp1-gpu 2^-0 Joules
[   10.165295] platform rtc_cmos: registered platform RTC device (no PNP device found)
[   10.178623] Scanning for low memory corruption every 60 seconds
[   10.192974] futex hash table entries: 512 (order: 3, 32768 bytes)
[   10.208904] audit: initializing netlink subsys (disabled)
[   10.214094] audit: type=2000 audit(1476610136.031:1): initialized
[   10.216968] Initialise system trusted keyring
[   10.223411] HugeTLB registered 2 MB page size, pre-allocated 0 pages
[   10.231042] zbud: loaded
[   10.233010] VFS: Disk quotas dquot_6.6.0
[   10.236234] VFS: Dquot-cache hash table entries: 512 (order 0, 4096 bytes)
[   10.242208] squashfs: version 4.0 (2009/01/31) Phillip Lougher
[   10.248405] fuse init (API version 7.23)
[   10.252050] Key type big_key registered
[   10.259016] Allocating IMA MOK and blacklist keyrings.
[   10.273189] Key type asymmetric registered
[   10.278079] Asymmetric key parser 'x509' registered
[   10.284003] Block layer SCSI generic (bsg) driver version 0.4 loaded (major 249)
[   10.295859] io scheduler noop registered
[   10.319370] io scheduler deadline registered (default)
[   10.340079] io scheduler cfq registered
[   10.349938] pci_hotplug: PCI Hot Plug PCI Core version: 0.5
[   10.360203] pciehp: PCI Express Hot Plug Controller Driver version: 0.4
[   10.365968] ACPI: AC Adapter [AC] (off-line)
[   10.373273] input: Power Button as /devices/LNXSYSTM:00/LNXPWRBN:00/input/input0
[   10.376027] ACPI: Power Button [PWRF]
[   10.378637] input: Sleep Button as /devices/LNXSYSTM:00/LNXSLPBN:00/input/input1
[   10.382403] ACPI: Sleep Button [SLPF]
[   10.386994] ACPI: Battery Slot [BAT0] (battery present)
[   10.395112] GHES: HEST is not enabled!
[   10.396570] Serial: 8250/16550 driver, 32 ports, IRQ sharing enabled
[   10.427199] 00:02: ttyS0 at I/O 0x3f8 (irq = 4, base_baud = 115200) is a 16550A
[   10.443238] Linux agpgart interface v0.103
[   10.468100] brd: module loaded
[   10.485159] loop: module loaded
[   10.496539] scsi host0: ata_piix
[   10.500839] scsi host1: ata_piix
[   10.511105] ata1: PATA max UDMA/33 cmd 0x1f0 ctl 0x3f6 bmdma 0xd000 irq 14
[   10.515892] ata2: PATA max UDMA/33 cmd 0x170 ctl 0x376 bmdma 0xd008 irq 15
[   10.519496] libphy: Fixed MDIO Bus: probed
[   10.523567] tun: Universal TUN/TAP device driver, 1.6
[   10.525541] tun: (C) 1999-2004 Max Krasnyansky <maxk@qualcomm.com>
[   10.530628] PPP generic driver version 2.4.2
[   10.532280] ehci_hcd: USB 2.0 'Enhanced' Host Controller (EHCI) Driver
[   10.534609] ehci-pci: EHCI PCI platform driver
[   10.536137] ehci-platform: EHCI generic platform driver
[   10.538399] ohci_hcd: USB 1.1 'Open' Host Controller (OHCI) Driver
[   10.544980] ohci-pci: OHCI PCI platform driver
[   10.551388] ohci-platform: OHCI generic platform driver
[   10.554918] uhci_hcd: USB Universal Host Controller Interface driver
[   10.563648] i8042: PNP: PS/2 Controller [PNP0303:PS2K,PNP0f03:PS2M] at 0x60,0x64 irq 1,12
[   10.598928] serio: i8042 KBD port at 0x60,0x64 irq 1
[   10.674446] serio: i8042 AUX port at 0x60,0x64 irq 12
[   10.727550] mousedev: PS/2 mouse device common for all mice
[   10.736912] rtc_cmos rtc_cmos: rtc core: registered rtc_cmos as rtc0
[   10.742376] rtc_cmos rtc_cmos: alarms up to one day, 114 bytes nvram
[   10.749106] i2c /dev entries driver
[   10.752627] input: AT Translated Set 2 keyboard as /devices/platform/i8042/serio0/input/input2
[   10.753491] device-mapper: uevent: version 1.0.3
[   10.765131] device-mapper: ioctl: 4.34.0-ioctl (2015-10-28) initialised: dm-devel@redhat.com
[   10.765168] ledtrig-cpu: registered to indicate activity on CPUs
[   10.765744] NET: Registered protocol family 10
[   10.766010] NET: Registered protocol family 17
[   10.766032] Key type dns_resolver registered
[   10.766281] microcode: CPU0 sig=0x40651, pf=0x40, revision=0x0
[   10.775506] microcode: CPU1 sig=0x40651, pf=0x40, revision=0x0
[   10.775621] microcode: Microcode Update Driver: v2.01 <tigran@aivazian.fsnet.co.uk>, Peter Oruba
[   10.775879] registered taskstats version 1
[   10.775898] Loading compiled-in X.509 certificates
[   10.777043] Loaded X.509 cert 'Build time autogenerated kernel key: d76179dc6bbadd817ec29258d181eadabda602cb'
[   10.777087] zswap: loaded using pool lzo/zbud
[   10.779671] Key type trusted registered
[   10.784790] Key type encrypted registered
[   10.784799] AppArmor: AppArmor sha1 policy hashing enabled
[   10.784803] ima: No TPM chip found, activating TPM-bypass!
[   10.784838] evm: HMAC attrs: 0x1
[   10.785385]   Magic number: 4:107:475
[   10.787993] rtc_cmos rtc_cmos: setting system clock to 2016-10-16 09:28:55 UTC (1476610135)
[   10.788280] BIOS EDD facility v0.16 2004-Jun-25, 0 devices found
[   10.788281] EDD information not available.
[   11.091960] Freeing unused kernel memory: 1480K (ffffffff81f42000 - ffffffff820b4000)
[   11.184582] Write protecting the kernel read-only data: 14336k
[   11.184836] tsc: Refined TSC clocksource calibration: 2000.539 MHz
[   11.184839] clocksource: tsc: mask: 0xffffffffffffffff max_cycles: 0x1cd62b54432, max_idle_ns: 440795231920 ns
[   11.247953] Freeing unused kernel memory: 1820K (ffff880001839000 - ffff880001a00000)
[   11.261670] Freeing unused kernel memory: 152K (ffff880001dda000 - ffff880001e00000)
Loading, please wait...
starting version[   11.350972] random: systemd-udevd: uninitialized urandom read (16 bytes read, 3 bits of entropy available)
 229
[   11.351817] random: udevadm: uninitialized urandom read (16 bytes read, 3 bits of entropy available)
[   11.351880] random: udevadm: uninitialized urandom read (16 bytes read, 3 bits of entropy available)
[   11.352106] random: udevadm: uninitialized urandom read (16 bytes read, 3 bits of entropy available)
[   11.352286] random: udevadm: uninitialized urandom read (16 bytes read, 3 bits of entropy available)
[   11.352375] random: udevadm: uninitialized urandom read (16 bytes read, 3 bits of entropy available)
[   11.352455] random: udevadm: uninitialized urandom read (16 bytes read, 3 bits of entropy available)
[   11.352535] random: udevadm: uninitialized urandom read (16 bytes read, 3 bits of entropy available)
[   11.352611] random: udevadm: uninitialized urandom read (16 bytes read, 3 bits of entropy available)
[   11.352687] random: udevadm: uninitialized urandom read (16 bytes read, 3 bits of entropy available)
[   11.570915] Fusion MPT base driver 3.04.20
[   11.574750] Copyright (c) 1999-2008 LSI Corporation
[   11.578926] e1000: Intel(R) PRO/1000 Network Driver - version 7.3.21-k8-NAPI
[   11.603875] e1000: Copyright (c) 1999-2006 Intel Corporation.
[   11.646981] Fusion MPT SPI Host driver 3.04.20
[   11.705537] AVX version of gcm_enc/dec engaged.
[   11.718482] AES CTR mode by8 optimization enabled
[   11.876967] input: ImExPS/2 Generic Explorer Mouse as /devices/platform/i8042/serio1/input/input4
[   12.287975] e1000 0000:00:03.0 eth0: (PCI:33MHz:32-bit) 02:3b:10:fe:82:8d
[   12.734458] e1000 0000:00:03.0 eth0: Intel(R) PRO/1000 Network Connection
[   12.744293] mptbase: ioc0: Initiating bringup
[   12.748323] e1000 0000:00:03.0 enp0s3: renamed from eth0
[   12.813738] ioc0: LSI53C1030 A0: Capabilities={Initiator}
[   13.008745] scsi host2: ioc0: LSI53C1030 A0, FwRev=00000000h, Ports=1, MaxQ=256, IRQ=20
[   13.150125] scsi 2:0:0:0: Direct-Access     VBOX     HARDDISK         1.0  PQ: 0 ANSI: 5
[   13.178886] scsi target2:0:0: Beginning Domain Validation
[   13.235055] scsi target2:0:0: Domain Validation skipping write tests
[   13.238225] scsi target2:0:0: Ending Domain Validation
[   13.244988] scsi target2:0:0: asynchronous
[   13.259446] scsi 2:0:1:0: Direct-Access     VBOX     HARDDISK         1.0  PQ: 0 ANSI: 5
[   13.275842] scsi target2:0:1: Beginning Domain Validation
[   13.288907] scsi target2:0:1: Domain Validation skipping write tests
[   13.309608] scsi target2:0:1: Ending Domain Validation
[   13.330687] scsi target2:0:1: asynchronous
[   13.371328] sd 2:0:0:0: [sda] 20971520 512-byte logical blocks: (10.7 GB/10.0 GiB)
[   13.371738] sd 2:0:0:0: Attached scsi generic sg0 type 0
[   13.372478] sd 2:0:1:0: Attached scsi generic sg1 type 0
[   13.423934] sd 2:0:1:0: [sdb] 20480 512-byte logical blocks: (10.5 MB/10.0 MiB)
[   13.423993] sd 2:0:0:0: [sda] Write Protect is off
[   13.424159] sd 2:0:0:0: [sda] Incomplete mode parameter data
[   13.424161] sd 2:0:0:0: [sda] Assuming drive cache: write through
[   13.475950]  sda: sda1
[   13.477294] sd 2:0:0:0: [sda] Attached SCSI disk
[   13.531994] sd 2:0:1:0: [sdb] Write Protect is off
[   13.534999] sd 2:0:1:0: [sdb] Incomplete mode parameter data
[   13.537581] sd 2:0:1:0: [sdb] Assuming drive cache: write through
[   14.009448] sd 2:0:1:0: [sdb] Attached SCSI disk
[   14.630225] floppy0: no floppy controllers found
Begin: Loading e[   16.382876] md: linear personality registered for level -1
ssential drivers ... [   16.411938] md: multipath personality registered for level -4
[   16.423203] md: raid0 personality registered for level 0
[   16.440975] md: raid1 personality registered for level 1
[   16.521432] raid6: sse2x1   gen()  4454 MB/s
[   16.621366] raid6: sse2x1   xor()  3549 MB/s
[   16.697859] raid6: sse2x2   gen()  5676 MB/s
[   16.797789] raid6: sse2x2   xor()  3027 MB/s
[   16.881521] raid6: sse2x4   gen()  3697 MB/s
[   16.961905] raid6: sse2x4   xor()  5210 MB/s
[   16.963569] raid6: using algorithm sse2x2 gen() 5676 MB/s
[   16.975178] raid6: .... xor() 3027 MB/s, rmw enabled
[   16.991370] raid6: using ssse3x2 recovery algorithm
[   17.000000] xor: automatically using best checksumming function:
[   17.065360]    avx       : 12499.000 MB/sec
[   17.093062] async_tx: api initialized (async)
[   17.117990] md: raid6 personality registered for level 6
[   17.135808] md: raid5 personality registered for level 5
[   17.147830] md: raid4 personality registered for level 4
[   17.178118] md: raid10 personality registered for level 10
done.
Begin: Running /scripts/init-premount ... done.
Begin: Mounting root file system ... Begin: Running /scripts/local-top ... done.
Begin: Running /scripts/local-premount ... [   17.261494] Btrfs loaded
Scanning for Btrfs filesystems
done.
Warning: fsck not present, so skipping root file[   17.360204] EXT4-fs (sda1): mounted filesystem with ordered data mode. Opts: (null)
 system
done.
Begin: Running /scripts/local-bottom ... done.
Begin: Running /scripts/init-bottom ... Warning: overlayroot: debug is busted
done.
[   17.568274] systemd[1]: systemd 229 running in system mode. (+PAM +AUDIT +SELINUX +IMA +APPARMOR +SMACK +SYSVINIT +UTMP +LIBCRYPTSETUP +GCRYPT +GNUTLS +ACL +XZ -LZ4 +SECCOMP +BLKID +ELFUTILS +KMOD -IDN)
[   17.593276] systemd[1]: Detected virtualization oracle.
[   17.595426] systemd[1]: Detected architecture x86-64.

Welcome to [1mUbuntu 16.04.1 LTS[0m!

[   17.619627] systemd[1]: Set hostname to <ubuntu>.
[   17.637190] systemd[1]: Initializing machine ID from random generator.
[   17.666227] systemd[1]: Installed transient /etc/machine-id file.
[   17.900956] systemd[1]: Created slice User and Session Slice.
[[0;32m  OK  [0m] Created slice User and Session Slice.
[   17.907862] systemd[1]: Listening on Device-mapper event daemon FIFOs.
[[0;32m  OK  [0m] Listening on Device-mapper event daemon FIFOs.
[   17.921098] systemd[1]: Listening on Journal Audit Socket.
[[0;32m  OK  [0m] Listening on Journal Audit Socket.
[   17.940693] systemd[1]: Listening on udev Control Socket.
[[0;32m  OK  [0m] Listening on udev Control Socket.
[   17.994451] systemd[1]: Listening on Journal Socket.
[[0;32m  OK  [0m] Listening on Journal Socket.
[   18.027431] systemd[1]: Listening on Journal Socket (/dev/log).
[[0;32m  OK  [0m] Listening on Journal Socket (/dev/log).
[   18.062567] systemd[1]: Reached target Encrypted Volumes.
[[0;32m  OK  [0m] Reached target Encrypted Volumes.
[   18.079733] systemd[1]: Listening on Syslog Socket.
[[0;32m  OK  [0m] Listening on Syslog Socket.
[   18.104460] systemd[1]: Listening on LVM2 metadata daemon socket.
[[0;32m  OK  [0m] Listening on LVM2 metadata daemon socket.
[   18.222172] systemd[1]: Listening on LVM2 poll daemon socket.
[[0;32m  OK  [0m] Listening on LVM2 poll daemon socket.
[   18.241421] systemd[1]: Listening on udev Kernel Socket.
[[0;32m  OK  [0m] Listening on udev Kernel Socket.
[   18.254029] systemd[1]: Created slice System Slice.
[[0;32m  OK  [0m] Created slice System Slice.
[   18.275057] systemd[1]: Starting Uncomplicated firewall...
         Starting Uncomplicated firewall...
[   18.295797] systemd[1]: Mounting Huge Pages File System...
         Mounting Huge Pages File System...
[   18.353774] systemd[1]: Starting Create list of required static device nodes for the current kernel...
         Starting Create list of required st... nodes for the current kernel...
[   18.393095] systemd[1]: Starting Set console keymap...
         Starting Set console keymap...
[   18.430076] systemd[1]: Starting Journal Service...
         Starting Journal Service...
[   18.466742] systemd[1]: Starting Monitoring of LVM2 mirrors, snapshots etc. using dmeventd or progress polling...
         Starting Monitoring of LVM2 mirrors... dmeventd or progress polling...
[   18.625655] systemd[1]: Starting Nameserver information manager...
         Starting Nameserver information manager...
[   18.641379] systemd[1]: Reached target Slices.
[[0;32m  OK  [0m] Reached target Slices.
[   18.697871] systemd[1]: Starting Load Kernel Modules...
         Startin[   18.710710] Loading iSCSI transport class v2.0-870.
g Load Kernel Modules...
[   18.733481] iscsi: registered transport (tcp)
[   18.750113] systemd[1]: Starting Remount Root and Kernel File Systems...
         Starting Remount Root and Kernel File Systems...[   18.767025] random: nonblocking pool is initialized

[   18.797209] EXT4-fs (sda1): re-mounted. Opts: (null)
[   18.807831] systemd[1]: Mounting POSIX Message Queue File System...
         Mounting POSIX Message Queue Fil[   18.841647] iscsi: registered transport (iser)
e System...
[ 18.878522] systemd[1]: Set up automount Arbitrary Executable File Formats File System Automount Point.

[[0;32m  OK  [0m] Set up automount Arbitrary Executab...ats File System Automount Point.
[   18.985920] systemd[1]: Mounting Debug File System...
         Mounting Debug File System...
[   19.007019] systemd[1]: Listening on /dev/initctl Compatibility Named Pipe.
[[0;32m  OK  [0m] Listening on /dev/initctl Compatibility Named Pipe.
[   19.036291] systemd[1]: Created slice system-serial\x2dgetty.slice.
[[0;32m  OK  [0m] Created slice system-serial\x2dgetty.slice.
[  1.065856] systemd[1]: Started Forward Password Reqessts to Wall Directory Watch.
[[0;32m  OK  [0m] Started Forward Password Requests to Wall Directory Watch.
[   19.318843] systemd[1]: Reached target User andGroup Name Lookups.
[[0;32m  OK  [0m] Reached target User and Group Name Lookups.
[   19.422551] systemd[1]: Reached target Swap.
[[0;32m  OK  [0m] Reached target Swap.
[   19.443090] systemd[1]: Mounted Debug File System.
[[0;32m  OK  [0m] Mounted Debug File System.
[   19.459104] systemd[1]: Mounted Huge Pages File System.
[[0;32m  OK  [0m] Mounted Huge Pages File System.
[  1.495598 systemd[1]: Mounted POSIX Message Queue Fle System.

[[0;32m  OK  [0m] Mounted POSIX Message Queue File System.
[   19.674808] systemd[1]: Started Journal Service.
[[0;32m  OK  [0m] Started Journal Service.
[[0;32m  OK  [0m] Started Uncomplicated firewall.
[[0;32m  OK  [0m] Started Create list of required sta...ce nodes for the current kernel.
[[0;32m  OK  [0m] Started Set console keymap.
[[0;32m  OK  [0m] Started Load Kernel Modules.
[[0;32m  OK  [0m] Started Remount Root and Kernel File Systems.
[[0;32m  OK  [0m] Started Nameserver information manager.
[[0;32m  OK  [0m] Started LVM2 metadata daemon.
         Starting Load/Save Random Seed...
         Starting udev Coldplug all Devices...
         Starting Apply Kernel Variables...
         Mounting FUSE Control File System...
         Starting Create Static Device Nodes in /dev...
         Starting Flush Journal to Persistent Storage...
[[0;32m  OK  [0m] Mounted FUSE Control File System.
[[0;32m  OK  [0m] Started Load/Save Random Seed.
[[0;32m  OK  [0m] Started Apply Kernel Variables.
[[0;32m  OK  [0m] Started Create Static Device Nodes in /dev.
[[0;32m  OK  [0m] Started udev Coldplug all Devices.
         Starting udev Kernel Device Manager...
[[0;32m  OK  [0m] Started Flush Journal to Persistent Storage.
[[0;32m  OK  [0m] Started udev Kernel Device Manager.
[[0;32m  OK  [0m] Started Dispatch Password Requests to Console Directory Watch.
[[0;32m  OK  [0m] Started Monitoring of LVM2 mirrors,...ng dmeventd or progress polling.
[[0;32m  OK  [0m] Reached target Local File Systems (Pre).
[[0;32m  OK  [0m] Reached target Local File Systems.
         Starting Create Volatile Files and Directories...
         Starting Initial cloud-init job (pre-networking)...
         Starting Run snappy firstboot setup...
         Starting Set console font and keymap...
         Starting Commit a transient machine-id on disk...
         Starting Tell Plymouth To Write Out Runtime Data...
         Starting LSB: AppArmor initialization...
[[0;32m  OK  [0m] Started Create Volatile Files and Directories.
[[0;32m  OK  [0m] Started Commit a transient machine-id on disk.
[[0;32m  OK  [0m] Started Tell Plymouth To Write Out Runtime Data.
[[0;32m  OK  [0m] Reached target System Time Synchronized.
         Starting Update UTMP about System Boot/Shutdown...
[[0;32m  OK  [0m] Found device /dev/ttyS0.
[[0;32m  OK  [0m] Started Run snappy firstboot setup.
[[0;32m  OK  [0m] Started Update UTMP about System Boot/Shutdown.
[[0;32m  OK  [0m] Listening on Load/Save RF Kill Switch Status /dev/rfkill Watch.
[   18.753346] cloud-init[520]: Cloud-init v. 0.7.8 running 'init-local' at Sun, 16 Oct 2016 09:29:07 +0000. Up 17.97 seconds.
[[0;32m  OK  [0m] Started Initial cloud-init job (pre-networking).
[[0;32m  OK  [0m] Reached target Network (Pre).
[[0;32m  OK  [0m] Started Set console font and keymap.
[[0;32m  OK  [0m] Created slice system-getty.slice.
[[0m[0;31m*     [0m] A start job is running for LSB: App... initialization (11s / no limit)[K[[0;1;31m*[0m[0;31m*    [0m] A start job is running for LSB: App... initialization (12s / no limit)[K[[0;31m*[0;1;31m*[0m[0;31m*   [0m] A start job is running for LSB: App... initialization (12s / no limit)[K[ [0;31m*[0;1;31m*[0m[0;31m*  [0m] A start job is running for LSB: App... initialization (13s / no limit)[K[  [0;31m*[0;1;31m*[0m[0;31m* [0m] A start job is running for LSB: App... initialization (13s / no limit)[K[   [0;31m*[0;1;31m*[0m[0;31m*[0m] A start job is running for LSB: App... initialization (14s / no limit)[K[    [0;31m*[0;1;31m*[0m] A start job is running for LSB: App... initialization (14s / no limit)[K[     [0;31m*[0m] A start job is running for LSB: App... initialization (15s / no limit)[K[    [0;31m*[0;1;31m*[0m] A start job is running for LSB: App... initialization (15s / no limit)[K[   [0;31m*[0;1;31m*[0m[0;31m*[0m] A start job is running for LSB: App... initialization (16s / no limit)[K[  [0;31m*[0;1;31m*[0m[0;31m* [0m] A start job is running for LSB: App... initialization (16s / no limit)[K[ [0;31m*[0;1;31m*[0m[0;31m*  [0m] A start job is running for LSB: App... initialization (17s / no limit)[K[[0;31m*[0;1;31m*[0m[0;31m*   [0m] A start job is running for LSB: App... initialization (17s / no limit)[K[[0;1;31m*[0m[0;31m*    [0m] A start job is running for LSB: App... initialization (18s / no limit)[K[[0m[0;31m*     [0m] A start job is running for LSB: App... initialization (18s / no limit)[K[[0;1;31m*[0m[0;31m*    [0m] A start job is running for LSB: App... initialization (19s / no limit)[K[[0;31m*[0;1;31m*[0m[0;31m*   [0m] A start job is running for LSB: App... initialization (19s / no limit)[K[ [0;31m*[0;1;31m*[0m[0;31m*  [0m] A start job is running for LSB: App... initialization (20s / no limit)[K[  [0;31m*[0;1;31m*[0m[0;31m* [0m] A start job is running for LSB: App... initialization (20s / no limit)[K[   [0;31m*[0;1;31m*[0m[0;31m*[0m] A start job is running for LSB: App... initialization (21s / no limit)[K[    [0;31m*[0;1;31m*[0m] A start job is running for LSB: App... initialization (21s / no limit)[K[     [0;31m*[0m] A start job is running for LSB: App... initialization (22s / no limit)[K[    [0;31m*[0;1;31m*[0m] A start job is running for LSB: App... initialization (22s / no limit)[K[   [0;31m*[0;1;31m*[0m[0;31m*[0m] A start job is running for LSB: App... initialization (23s / no limit)[K[  [0;31m*[0;1;31m*[0m[0;31m* [0m] A start job is running for LSB: App... initialization (23s / no limit)[K[ [0;31m*[0;1;31m*[0m[0;31m*  [0m] A start job is running for LSB: App... initialization (24s / no limit)[K[[0;31m*[0;1;31m*[0m[0;31m*   [0m] A start job is running for LSB: App... initialization (24s / no limit)[K[[0;1;31m*[0m[0;31m*    [0m] A start job is running for LSB: App... initialization (25s / no limit)[K[[0m[0;31m*     [0m] A start job is running for LSB: App... initialization (25s / no limit)[K[[0;1;31m*[0m[0;31m*    [0m] A start job is running for LSB: App... initialization (26s / no limit)[K[[0;31m*[0;1;31m*[0m[0;31m*   [0m] A start job is running for LSB: App... initialization (26s / no limit)[K[ [0;31m*[0;1;31m*[0m[0;31m*  [0m] A start job is running for LSB: App... initialization (27s / no limit)[K[  [0;31m*[0;1;31m*[0m[0;31m* [0m] A start job is running for LSB: App... initialization (27s / no limit)[K[   [0;31m*[0;1;31m*[0m[0;31m*[0m] A start job is running for LSB: App... initialization (28s / no limit)[K[    [0;31m*[0;1;31m*[0m] A start job is running for LSB: App... initialization (28s / no limit)[K[     [0;31m*[0m] A start job is running for LSB: App... initialization (29s / no limit)[K[    [0;31m*[0;1;31m*[0m] A start job is running for LSB: App... initialization (29s / no limit)[K[   [0;31m*[0;1;31m*[0m[0;31m*[0m] A start job is running for LSB: App... initialization (30s / no limit)[K[  [0;31m*[0;1;31m*[0m[0;31m* [0m] A start job is running for LSB: App... initialization (30s / no limit)[K[ [0;31m*[0;1;31m*[0m[0;31m*  [0m] A start job is running for LSB: App... initialization (31s / no limit)[K[[0;31m*[0;1;31m*[0m[0;31m*   [0m] A start job is running for LSB: App... initialization (31s / no limit)[K[[0;1;31m*[0m[0;31m*    [0m] A start job is running for LSB: App... initialization (32s / no limit)[K[[0m[0;31m*     [0m] A start job is running for LSB: App... initialization (32s / no limit)[K[[0;1;31m*[0m[0;31m*    [0m] A start job is running for LSB: App... initialization (33s / no limit)[K[[0;31m*[0;1;31m*[0m[0;31m*   [0m] A start job is running for LSB: App... initialization (33s / no limit)[K[ [0;31m*[0;1;31m*[0m[0;31m*  [0m] A start job is running for LSB: App... initialization (34s / no limit)[K[  [0;31m*[0;1;31m*[0m[0;31m* [0m] A start job is running for LSB: App... initialization (34s / no limit)[K[[0;32m  OK  [0m] Started LSB: AppArmor initialization.
         Starting Raise network interfaces...
[[0;32m  OK  [0m] Reached target System Initialization.
[[0;32m  OK  [0m] Started Trigger resolvconf update for networkd DNS.
         Starting LXD - unix socket.
[[0;32m  OK  [0m] Listening on UUID daemon activation socket.
[[0;32m  OK  [0m] Started ACPI Events Check.
[[0;32m  OK  [0m] Reached target Paths.
[[0;32m  OK  [0m] Listening on ACPID Listen Socket.
[[0;32m  OK  [0m] Listening on D-Bus System Message Bus Socket.
[[0;32m  OK  [0m] Started Timer to automatically refresh installed snaps.
[[0;32m  OK  [0m] Started Daily apt activities.
[[0;32m  OK  [0m] Started Daily Cleanup of Temporary Directories.
[[0;32m  OK  [0m] Reached target Timers.
         Starting Socket activation for snappy daemon.
[[0;32m  OK  [0m] Listening on LXD - unix socket.
[[0;32m  OK  [0m] Listening on Socket activation for snappy daemon.
[[0;32m  OK  [0m] Reached target Sockets.
[[0;32m  OK  [0m] Reached target Basic System.
[[0;32m  OK  [0m] Started ACPI event daemon.
         Starting Accounts Service...
         Starting LSB: Record successful boot for GRUB...
[[0;32m  OK  [0m] Started FUSE filesystem for LXC.
         Starting System Logging Service...
[[0;32m  OK  [0m] Started D-Bus System Message Bus.
[[0;32m  OK  [0m] Started Deferred execution scheduler.
[[0;32m  OK  [0m] Started Snappy daemon.
         Starting LSB: MD monitoring daemon...
         Starting Login Service...
[[0;32m  OK  [0m] Started Regular background program processing daemon.
         Starting LXD - container startup/shutdown...
[[0;32m  OK  [0m] Started System Logging Service.
[[0;32m  OK  [0m] Started LSB: Record successful boot for GRUB.
         Starting Authenticate and Authorize Users to Run Privileged Tasks...
[[0;32m  OK  [0m] Started LSB: MD monitoring daemon.
[[0;32m  OK  [0m] Started Login Service.
[[0;32m  OK  [0m] Started Authenticate and Authorize Users to Run Privileged Tasks.
[[0;32m  OK  [0m] Started Accounts Service.
[[0;32m  OK  [0m] Started LXD - container startup/shutdown.
[[0;32m  OK  [0m] Started Raise network interfaces.
[[0;32m  OK  [0m] Reached target Network.
         Starting Initial cloud-init job (metadata service crawler)...
[   51.218570] cloud-init[1007]: Cloud-init v. 0.7.8 running 'init' at Sun, 16 Oct 2016 09:29:39 +0000. Up 49.91 seconds.
[   51.304894] [cloud-init[0;32m  OK  [0m[1007]: ] ci-info: +++++++++++++++++++++++++++++++++++++Net device info++++++++++++++++++++++++++++++++++++++Started Initial cloud-init job (metadata service crawler).

[   51.305651] cloud-init[1007]: ci-info: +--------+------+----------------------------+---------------+-------+-------------------+
[[0;32m  OK  [0m] Reached target Cloud-config availability.
[[0;32m  OK  [0m] Reached target Network is Online.
[   51.477164] cloud-init[1007]: ci-info: | Device |  Up  |          Address           |      Mask     | Scope |     Hw-Address    |
[   51.590209]          cloud-initStarting /etc/rc.local Compatibility...[1007]: 
ci-info: +--------+------+----------------------------+---------------+-------+-------------------+
         Starting iSCSI initiator daemon (iscsid)...
[   51.647397] cloud-init[1007]: ci-info: |   lo   | True |         127.0.0.1          |   255.0.0.0   |   .   |         .         |
[   51.688257]          Starting Pollinate to seed the pseudo random number generator...
cloud-init[1007]: ci-info: |   lo   | True |          ::1/128           |       .       |  host |         .         |
[   51.758101] cloud-init[1007]: ci-info: | enp0s3 | True |         10.0.2.15          | 255.255.255.0 |   .   | 02:3b:10:fe:82:8d |
         Starting Apply the settings specified in cloud-config...
[   51.759159] cloud-init[1007]: ci-info: | enp0s3 | True | fe80::3b:10ff:fefe:828d/64 |       .       |  link | 02:3b:10:fe:82:8d |
[[0;32m  OK  [0m] Started /etc/rc.local Compatibility.
[   51.845725] cloud-init[1007]: ci-info: +--------+------+----------------------------+---------------+-------+-------------------+
[   51.895200] cloud-init[1007]: ci-info: +++++++++++++++++++++++++++Route IPv4 info++++++++++++++++++++++++++++
[[0;32m  OK  [0m] Started iSCSI initiator daemon (iscsid).
[   51.931979] cloud-init[1007]: ci-info: +-------+-------------+----------+---------------+-----------+-------+
[   51.989051]          cloud-initStarting Login to default iSCSI targets...[1007]: 
ci-info: | Route | Destination | Gateway  |    Genmask    | Interface | Flags |
[   52.001568] cloud-init[1007]: ci-info: +-------+-------------+----------+---------------+-----------+-------+
[   52.061108] cloud-init[1007]: ci-info: |   0   |   0.0.0.0   | 10.0.2.2 |    0.0.0.0    |   enp0s3  |   UG  |
[[0;32m  OK  [0m] Started Login to default iSCSI targets.
[   52.148653] cloud-init[1007]: ci-info: |   1   |   10.0.2.0  | 0.0.0.0  | 255.255.255.0 |   enp0s3  |   U   |
[   52.183667] cloud-init[1007]: ci-info: +-------+-------------+----------+---------------+-----------+-------+
[   52.195895] cloud-init[1007]: Generating public/private rsa key pair.
[[0;32m  OK  [0m] Reached target Remote File Systems (Pre).
[[0;32m  OK  [0m] Reached target Remote File Systems.
[   52.209787] cloud-init[1007]: Your identification has been saved in /etc/ssh/ssh_host_rsa_key.
[   52.269095] cloud-init[1007]: Your public key has been saved in /etc/ssh/ssh_host_rsa_key.pub.
[   52.288377] cloud-init[1007]: The key fingerprint is:
[   52.288509] cloud-init[1007]: SHA256:MsVIaRXzMJfw1qwU1zSjOTAMe5QKcGzuovNaKe0rjjc root@ubuntu-xenial
[   52.290167] cloud-init[1007]: The key's randomart image is:
[   52.290252] cloud-init[1007]: +---[RSA 2048]----+
[   52.290357] cloud-init[1007]: |    .oooO=*o.o+  |
[   52.290465] cloud-init[1007]: |     o*o X+B o.o |
[   52.290570] cloud-init[1007]: |     +..+.* *    |
[   52.290654] cloud-init[1007]: |      ...+ . .   |
[   52.290787] cloud-init[1007]: |     .o S .      |
[   52.290872] cloud-init[1007]: |   ....o         |
[   52.290972] cloud-init[1007]: |  ..+.           |
[   52.291102] cloud-init[1007]: | .E+             |
[   52.291179] cloud-init[1007]: |.oo*+.           |
[   52.291781] cloud-init[1007]: +----[SHA256]-----+
[   52.291894] cloud-init[1007]: Generating public/private dsa key pair.
[   52.291979] cloud-init[1007]: Your identification has been saved in /etc/ssh/ssh_host_dsa_key.
         Starting Permit User Sessions...
[   52.292302] cloud-init[1007]: Your public key has been saved in /etc/ssh/ssh_host_dsa_key.pub.
[   52.660796]          cloud-initStarting LSB: daemon to balance interrupts for SMP systems...[1007]: 
The key fingerprint is:
         Starting LSB: automatic crash report generation...
         Starting LSB: VirtualBox Linux Additions...
[   52.691466] cloud-init[1007]: SHA256:9dPnjXFQmBx0/dqh06dtCABy8dO0klJYChst+np9IeI root@ubuntu-xenial
         Starting LSB: Set the CPU Frequency Scaling governor to "ondemand"...
[[0;32m  OK  [0m] Started Permit User Sessions.
[   52.734389] cloud-init[1007]: The key's randomart image is:
[   52.814153] cloud-init[1007]: +---[DSA 1024]----+
[   52.826846] cloud-init[1007]: |      o..+o .oo++|
[   52.833807] cloud-init[1007]: |      o+=+ + .+o.|
         Starting Terminate Plymouth Boot Screen...
[   52.865465] cloud-init[1007]: |     ..+o.* o . .|
         Starting Hold until boot process finishes up...
[[0;32m  OK  [0m] Started Pollinate to seed the pseudo random number generator.
[[0;32m  OK  [0m] Started LSB: daemon to balance interrupts for SMP systems.
[[0;32m  OK  [0m] Started LSB: automatic crash report generation.
[   52.915608] cloud-init[1007]: |    .    o.+ . o.|
[   53.002738] [cloud-init[0;32m  OK  [0m[1007]: ] |     .  S  .o =o+|Started LSB: VirtualBox Linux Additions.

[   53.003954] cloud-init[1007]: |      o . . .+.B+|
[   53.022048] cloud-init[1007]: |     o o . . .o++|
[[0;32m  OK  [0m] Started LSB: Set the CPU Frequency Scaling governor to "ondemand".
[   53.022263] cloud-init[1007]: |    . E . .   o o|
[   53.052742] cloud-init[1007]: |     .   .     . |
[[0;32m  OK  [0m] Started Terminate Plymouth Boot Screen.
[   53.053839] cloud-init[1007]: +----[SHA256]-----+
[   53.092695] cloud-init[1007]: Generating public/private ecdsa key pair.
[   53.093229] cloud-init[1007]: Your identification has been saved in /etc/ssh/ssh_host_ecdsa_key.
[[0;32m  OK  [0m] Started Hold until boot process finishes up.
[   53.093816] cloud-init[1007]: Your public key has been saved in /etc/ssh/ssh_host_ecdsa_key.pub.
[   53.169595] cloud-init[1007]: The key fingerprint is:
[   53.188635] [cloud-init[0;32m  OK  [0m[1007]: ] SHA256:K+u+UXxGPNWIGgnF0tDZE/b9XuA1EzBAZGmHsL/HnM8 root@ubuntu-xenialStarted Getty on tty1.

[   53.210667] cloud-init[1007]: The key's randomart image is:
[   53.215264] cloud-init[1007]: +---[ECDSA 256]---+
         Starting Set console scheme...
[   53.216702] [[0;32m  OK  [0m] Started Serial Getty on ttyS0.
[[0;32m  OK  [0m] Reached target Login Prompts.
cloud-init[1007]: |      oB.=*B==.. |
[   53.280270] cloud-init[1007]: |      . Bo**.oo .|
[   53.344273] cloud-init[1007]: |       . +=.o oo.|
[   53.344417] cloud-init[1007]: |       ..... . +o|
[   53.344770] cloud-init[1007]: |        S o.  . o|
[   53.344959] cloud-init[1007]: |       . +  + ...|
[   53.345132] cloud-init[1007]: |      o .  . =  .|
[   53.345293] cloud-init[1007]: |       +    . o  |
[   53.345458] cloud-init[1007]: |     o=.       E |
         Starting OpenBSD Secure Shell server...
[[0;32m  OK  [0m] Started OpenBSD Secure Shell server.
[   53.345639] cloud-init[1007]: +----[SHA256]-----+
[   53.592815] [cloud-init[0;32m  OK  [0m[1007]: ] Generating public/private ed25519 key pair.Started Set console scheme.

[   53.593639] cloud-init[1007]: Your identification has been saved in /etc/ssh/ssh_host_ed25519_key.
[   53.687883] cloud-init[[1007]: [0;32m  OK  [0mYour public key has been saved in /etc/ssh/ssh_host_ed25519_key.pub.] 
Reached target Multi-User System.
[   53.717861] cloud-init[1007]: The key fingerprint is:
[[0;32m  OK  [0m] Reached target Graphical Interface.
[   53.733773] cloud-init[1007]: SHA256:gbP3CoVJupiL2g2M7v0EeAuzF/4HUhC4wFwD4skDw9c root@ubuntu-xenial
[   53.784880] cloud-init[1007]: The key's randomart image is:         
Starting Notify bootloader that boot was successful...
[   53.786092] cloud-init[1007]: +--[ED25519 256]--+
[   53.824273] cloud-init[1007]: |B.++o            |
[   53.864666] cloud-init[1007]: |**.o.E .         |
         Starting Update UTMP about System Runlevel Changes...
[   53.865846] cloud-init[1007]: |.=o . + .        |
[   53.915056] [cloud-init[0;32m  OK  [0m[1007]: ] | .o  + = .       |Started Notify bootloader that boot was successful.

[   53.916094] cloud-init[1007]: | + +o + S        |
[   53.954536] cloud-init[1007]: | o*++o o .       |
[[0;32m  OK  [0m] Started Update UTMP about System Runlevel Changes.
[   53.976965] cloud-init[1007]: |..=+o.o   .      |
[   54.010172] cloud-init[1007]: |.oo+o  o .       |
[   54.032608] cloud-init[1007]: |=oo.oo. .        |
[   54.040790] cloud-init[1007]: +----[SHA256]-----+
[   54.054319] cloud-init[1107]: Generating locales (this might take a while)...
[   55.032155] cloud-init[1107]:   en_US.UTF-8... done
[   55.045032] cloud-init[1107]: Generation complete.
         Stopping OpenBSD Secure Shell server...
[[0;32m  OK  [0m] Stopped OpenBSD Secure Shell server.
         Starting OpenBSD Secure Shell server...
[[0;32m  OK  [0m] Started OpenBSD Secure Shell server.
[[0;32m  OK  [0m] Created slice User Slice of ubuntu.
         Starting User Manager for UID 1000...
[[0;32m  OK  [0m] Started Session 1 of user ubuntu.
[[0;32m  OK  [0m] Started User Manager for UID 1000.
[   55.713718] cloud-init[1107]: Cloud-init v. 0.7.8 running 'modules:config' at Sun, 16 Oct 2016 09:29:42 +0000. Up 52.72 seconds.
[[0;32m  OK  [0m] Started Apply the settings specified in cloud-config.
         Starting Execute cloud user/final scripts...
ci-info: no authorized ssh keys fingerprints found for user ubuntu.
<14>Oct 16 09:29:46 ec2: 
<14>Oct 16 09:29:46 ec2: #############################################################
<14>Oct 16 09:29:46 ec2: -----BEGIN SSH HOST KEY FINGERPRINTS-----
<14>Oct 16 09:29:46 ec2: 1024 SHA256:9dPnjXFQmBx0/dqh06dtCABy8dO0klJYChst+np9IeI root@ubuntu-xenial (DSA)
<14>Oct 16 09:29:46 ec2: 256 SHA256:K+u+UXxGPNWIGgnF0tDZE/b9XuA1EzBAZGmHsL/HnM8 root@ubuntu-xenial (ECDSA)
<14>Oct 16 09:29:46 ec2: 256 SHA256:gbP3CoVJupiL2g2M7v0EeAuzF/4HUhC4wFwD4skDw9c root@ubuntu-xenial (ED25519)
<14>Oct 16 09:29:46 ec2: 2048 SHA256:MsVIaRXzMJfw1qwU1zSjOTAMe5QKcGzuovNaKe0rjjc root@ubuntu-xenial (RSA)
<14>Oct 16 09:29:46 ec2: -----END SSH HOST KEY FINGERPRINTS-----
<14>Oct 16 09:29:46 ec2: #############################################################
-----BEGIN SSH HOST KEY KEYS-----
ecdsa-sha2-nistp256 AAAAE2VjZHNhLXNoYTItbmlzdHAyNTYAAAAIbmlzdHAyNTYAAABBBNUMgI1VcmU7Y5qEgVbwMTTXLr8OSqZIW97X5zhGLFDjhOvFjee7qEEGb0dlkU3op/WYRouC58GZhE2NiHpCOEo= root@ubuntu-xenial
ssh-ed25519 AAAAC3NzaC1lZDI1NTE5AAAAIGyDCjXTd+BND9lsqoQibtfFlfheRAefb/RhX2sIyarM root@ubuntu-xenial
ssh-rsa AAAAB3NzaC1yc2EAAAADAQABAAABAQCrpiGPQzg2Zu6KDhJoJtviXmLXsK0XBD1cnJ1JPj9GMn8q2+Qu3d+5JR1LaQ8gHsZEKllSx6V24n+K5P5PNJlTjriFMJW3iD/ulRxY3teR4pHKxX93Gx95CvY+m85t39IbxCQFAt5szX32ZFhCuibEyUHwaOUCJUs9SEh4AsIpg9sjrimHD8IsRj186ASof3SlKD1RRoKv1KvYiQzL/c4q60zDroO7KK8m/kacDHiua6wnRBh5ejNyhDm6ei/eoRts86ToZuwQpeqe/VgarlxSiqm9s16V1F8uyDInlmLRlfWpsObEdPswQdkZzbSppTuiyz4ZIZ7jdoXb1ucPC/jL root@ubuntu-xenial
-----END SSH HOST KEY KEYS-----
[   56.864317] cloud-init[1382]: Cloud-init v. 0.7.8 running 'modules:final' at Sun, 16 Oct 2016 09:29:45 +0000. Up 56.27 seconds.
[   56.893203] cloud-init[1382]: ci-info: no authorized ssh keys fingerprints found for user ubuntu.
[   56.912804] cloud-init[1382]: Cloud-init v. 0.7.8 finished at Sun, 16 Oct 2016 09:29:46 +0000. Datasource DataSourceNoCloud [seed=/dev/sdb][dsmode=net].  Up 56.83 seconds
[[0;32m  OK  [0m] Started Execute cloud user/final scripts.
[[0;32m  OK  [0m] Reached target Cloud-init target.

Ubuntu 16.04.1 LTS Ubuntu-16 ttyS0

Ubuntu-16 login: 