[    0.0000 Initializin coup ubyscpus
    .0000] Iitalizng cgroup subsys cpu
   0.000000] Initializing cgroup subsys cpuacct
[    0.000000] Linux version 4.4.0-43-gnec (buildd@lw0-22 (c versio5..0 201609 (Ubuntu 5.4.0ubuntu1~16.04.2) ) #63-Ubuntu SMP Wed Oct 12 13:48:03 UTC 2016 (Ubuntu 4.4.0-43.63-generic 4.4.21)
[    0.000000] Command line: BOOT_MAGE=/bot/mlinuz-4.4.0-43-geerc rooLABEL=couim-rotfro consol=t1 console=ttyS0
[    0.000000] KERNEL supported cpus:
[    0.000000]   Intel GenuineIntel
[    0.000000]   AMD AuthenticAMD
[    0.000000]   Centaur Centaurul
  0.0000] x86/fu: xta_offst[]: 576, xstate_sizes[2]:  256
[    0.000000] x86/fpu: Supporting XSAVE feature 0x01: 'x87 floating point registers'
[    0.000000] x86pu: Suporing XSAVE feature 0x02: 'SSE regters'
[    0.000000] x86/fpu: Supporting XSAVE feature 0x04: 'AVX registers'
[    0.000000] x6/u: Enled xstate features 0x7, context size is 832 bytes, using 'standard' format.
   0.000] x86/fp Uinglay' FPU context switches.
[    0.000000] e820: BIOS-provided physical RAM map:
[    0.000000] BIOS-e820: [mem 0x0000000000000000-0x000000000009fbff] usable
[    0.000000] BIOS-e820: [mem 0x000000000009fc00-0x000000000009ffff] reserved
[    0.000000] BIOS-e820: [mem 0x00000000000f0000-0x00000000000fffff] reserved
[    0.00000 BIOS-e8: mem 0x00000000100000-0x00000000dffeffff] usabl
[    0.000000] BIOS-e820: [mem 0x00000000dfff0000-0x00000000dfffffff] ACPI data
[    0.000000] BIOS-e820: [mem 0x00000000fffc0000-0x00000000ffffffff] reserved
[    0.000000] BIOS-e820: [mem 0x0000000100000000-0x000000011fffffff] usable
[    0.000000] NX (Execute Disable) protection: active
[    0.0000]SMBIOS 2.5 present.
[    0.000000] Hypervisor detected: KVM
[    0.000000] e820: last_pfn = 0x120000 max_arch_pfn = 0x400000000
[    0.000000] MTRR: Disabled
[    0.000000] x86/PAT: MTRRs disabled, skipping PAT initialization too.
[    0.000000] x86/PAT: Configuration [0]:WB  W  - UC WBWT  U-   
[    0.0000]CPU TRRsall blank - virtualized system.
[    0.000000] e820: last_pfn = 0xdfff0 max_arch_pfn = 0x400000000
[    0.000000] found SMP MP-table at [mem 0x0009fff0-0x0009ffff] mapped at [ffff88000009fff0]
[    0.000000] Scanning 1 areas for low memory corruption
[    0.000000] RAMDISK: [mem 0x36fd8000-0x377e3fff]
[    0.000000] ACPI: Early table checksum verification disabled
[    0.000000] ACPI: RSDP 0x00000000000E0000 000024 (v02 VBOX  )
[    0.000000] ACPI: XSDT 0x0000000DFFF0030 00003C (v01 VBOX   VBOXXSDT 00000001 ASL  00000061)
[    0.000000] ACPI: FAC 0x0000000DFF000 0000F4(v4 VBOX   VXFCP 000001 ASL 000061)
  0.000000]CPI: DSDTx0000000DFFF0470 002118 (v01 VBOX  OXBIO 000002 ITL010058)
[    .00000]ACI:FACSx000000DFF0200 000040
[    0.000000] ACPI: FACS 0x00000000DFFF0200 000040
[   000000]ACI:AP 0x00000DFFF40 00005C 02 VBOX   VBOXAPIC 00000001 ASL  00000061)
[    0.000000] ACPI: SSDT 0x00000000DFFF02A0 0001CC (v01 VBOX   VBOXCPUT 0000002 INTL 20100528)
[    0.0000] No NUMA configuration found
[    0.000000] Faking a node at [mem 0x0000000000000000-0x000000011fffffff]
[    0.000000] NODE_DATA(0) allocated [mem 0x11fff7000-0x11fffbfff]
[    0.000000] kvm-clock: Using msrs 4b564d01 and 4b564d00
[    0.000000] kvm-clock: cpu 0, msr 1:1fff3001, primary cpu clock
[    0.000000] kvm-clock: using sched ffet of25404555 cycles
[    0.000000] clocksource: kvm-clock: mask: 0xffffffffffffffff max_cycles: 0x1cd42e4dffb, max_idle_ns: 881590591483 ns
[    0.000000] Zone ranges:
[    0.000000]   DMA      [mem 0x0000000000001000-0x0000000000ffffff]
[    0.000000]   DMA32    [m 00000000001000000-0x0000000ffffff
    0.00000]  Normal   [mem 0x0000000100000000-0x000000011fffffff]
[    0.000000]   Device   empty
[    0.000000] Movable zone start for each node
[    0.000000] Early memory node ranges
[    0.000000]   node   0: [mem 0x000000000000000x000000000009efff]
[    0.000000] node   0: [mem 0x0000000000100000-0x00000000dffeffff]
[    0.000000]   node   0: [mem 0x0000000100000000-0x0000011fffffff]
[    0.000000] Initmem setup node 0 [mem 0x0000000000001000x0000001ffffff]
   0.000000 AI: P-Ter I Pt: 0x4008[    .000000] IOAPIC[0]: apic_id 2 version 17, address 0xfec00000, GSI 0-23
[    0.000000] ACPI: INT_SRC_OVR (us 0 busir 0 global_irq 2 dfl dfl)
[   0.0000 ACP: T_SR_OR bus 0 bus_iq  glbairq 9 higleel)
[    0.000000] Using ACPI (MADT)fo SMPcoigurti information
[  0.000] smbo: Allowig  CUs 0otplug PU
    00000] PM Ristered novememoy:[mm 0x00000000x000fff]
[    0.000000] PM: Registered nosave memory: [mem 0x0009f000-0x0009ffff]
[    0.000000] M: Registered nosave memry [m 000000-0x000efff][    00000PM Registered nosvememory: [m 0x00f00-0x000fffff]
[    0.000000] PM: Registered nosave memory: [mem 0xdff0000-0xdfffffff]
[    0.000000] PM: Registered nosave memory: [mem 0xe0000000-0xfffbffff]
[    0.000000] PM: Registered nosave memory: [mem 0xffc000-0xffffffff]
[    0.000000] e820: [mem 0xe0000000-0xfffbffff] available for PCI devices
[    0.000000] Booting paravirtualized kernel on KVM
[    0.000000] clocksource: refined-jiffies: mask: 0xffffffff max_cycles: 0xffffffff, max_idle_ns: 7645519600211568 n
   0.000] setuppepu: NR_CP:26 nr_cpma_bits56 n_cpu_ds nr_nod_i:1
   0.000000] PERCPU: Embedded 33 pages/cpu @ffff88011fc00000 s98008 r8192 d2896 u1048576
[   0.000000] PV qspinlock hash tle entries: 256 (order: 0, 4096 bytes)
[    0.000000] Built 1zoelists n Node order, mobility grouping on.  Total pages: 1032057
[    0.000000] Policy zone: Normal
[    0.000000] Kernel command line:BOOT_IMAG/bot/mlinuz-4.4.0-43-generic root=LABL=cloim-rootfs ro console=tty1 console=ttyS0
[    0.000000] PID hash table entries: 4096 (order: 3, 32768 bytes)
[    0.000000] Memory: 4034908K/4193848K available (8409K kernel code, 1283K rwdata, 3944K rodata, 1480K init, 1292K bss, 158940K reserved, 0K cma-reserved)
[    0.000000] SLUB: HWalign=64, Order=0-3, MinObjects=0, CPUs=2, Nodes=1
[    0.000000] Hierarchical RCU implementation.
[    0.000000] 	Build-time adjustment of leaf fanout to 64.
[    0.000000] 	RCU restricting CPUs fromR_PUS=256 to nr_cpu_ids=2.
[   0000000] RCU: Adjusting eoety for rcu_fanout_leaf=64, nr_cpu_ids=2
[    0.000000] NR_IRQS:16640 nr_irqs:440 16
[    0.000000] Console: colour VGA+ 80x25
[  00000]console [ty1 enabled
[    0.000000] console [ttyS0] enabled
[    0.000000] tsc: Detected 1999.999 MHz processor
[    8.149180] Calibrating delay loop (skipped) preset value.. 3999.99 BogoMIPS (lpj=7999996)
[    8.151460] pid_max: default: 32768 minimum: 301
[    8.152738] ACPI: Core revision 20150930
[    8.154831] ACPI: 2 AC AL tables successfully acquired and loaded
[    8.204827] Security Framework initialized
[    8.223644] Yama: becoming mindful.
[    8.237820] AppArmor: AppArmor initialized
[    8.279461] Dentry cache hash table entries: 524288 (order: 10, 4194304 bytes)
[    8.286882] Inode-cache hash table entries: 262144 (order: 9, 2097152 bytes)
[    8.367337] Mount-cache hash table entries: 8192 (order: 4, 65536 bytes)
[    8.444546] Mountpoint-cache hash table entries: 8192 (order: 4, 65536 bytes)
[    8.517197] Initializing cgroup subsys io
[    8.518515] Initializing cgroup subsys memory
[    8.519875] Initializing cgroup subsys devices
[    8.532564] Initializing cgroup subsys freezer
[    8.533943] Initializing cgroup subsys net_cls
[    8.535312] Initializing cgroup subsys perf_event
[    8.542345] Initializing cgroup subsys net_prio
[    8.543840] Initializing cgroup subsys hugetlb
[    8.549399] Initializing cgroup subsys pids
[    8.605737] CPU: Physical Processor ID: 0
[    8.636958] CPU: Processor Core ID: 0
[    8.650205] mce: CPU supports 0 MCE banks
[    8.665666] Last level iTLB entries: 4KB 1024, 2MB 1024, 4MB 1024
[    8.673910] Last level dTLB entries: 4KB 1024, 2MB 1024, 4MB 1024, 1GB 4
[    8.689835] Freeing SMP alternatives memory: 32K (ffffffff820b4000 - ffffffff820bc000)
[    8.711430] ftrace: allocating 32007 entries in 126 pages
[    8.790920] smpboot: Max logical packages: 1
[    8.823099] smpboot: APIC(0) Converting physical 0 to logical package 0
[    8.835189] ..TIMER: vector=0x30 apic1=0 pin1=2 apic2=-1 pin2=-1
[    8.997201] smpboot: CPU0: Intel(R) Core(TM) i5-4260U CPU @ 1.40GHz (family: 0x6, model: 0x45, stepping: 0x1)
[    9.107744] Performance Events: unsupported p6 CPU model 69 no PMU driver, software events only.
[    9.157649] KVM setup paravirtual spinlock
[    9.173450] x86: Booting SMP configuration:
[    9.190438] .... node  #0, CPUs:      #1
[    9.203543] kvm-clock: cpu 1, msr 1:1fff3041, secondary cpu clock
[    9.217700] mce: CPU supports 0 MCE banks
[    9.226978] x86: Booted up 1 node, 2 CPUs
[    9.234180] smpboot: Total of 2 processors activated (7999.99 BogoMIPS)
[    9.236567] devtmpfs: initialized
[    9.265293] evm: security.selinux
[    9.266296] evm: security.SMACK64
[    9.273805] evm: security.SMACK64EXEC
[    9.304752] evm: security.SMACK64TRANSMUTE
[    9.322338] evm: security.SMACK64MMAP
[    9.323987] evm: security.ima
[    9.324991] evm: security.capability
[    9.326508] clocksource: jiffies: mask: 0xffffffff max_cycles: 0xffffffff, max_idle_ns: 7645041785100000 ns
[    9.363648] pinctrl core: initialized pinctrl subsystem
[    9.403006] RTC time: 22:08:12, date: 10/19/16
[    9.453828] NET: Registered protocol family 16
[    9.505033] cpuidle: using governor ladder
[    9.560697] cpuidle: using governor menu
[    9.595608] PCCT header not found.
[    9.630775] ACPI: bus type PCI registered
[    9.656874] acpiphp: ACPI Hot Plug PCI Controller Driver version: 0.5
[    9.670913] PCI: Using configuration type 1 for base access
[    9.693013] ACPI: Added _OSI(Module Device)
[    9.707937] ACPI: Added _OSI(Processor Device)
[    9.716087] ACPI: Added _OSI(3.0 _SCP Extensions)
[    9.747772] ACPI: Added _OSI(Processor Aggregator Device)
[    9.776451] ACPI: Executed 1 blocks of module-level executable AML code
[    9.810274] ACPI: Interpreter enabled
[    9.819570] ACPI Exception: AE_NOT_FOUND, While evaluating Sleep State [\_S1_] (20150930/hwxface-580)
[    9.839412] ACPI Exception: AE_NOT_FOUND, While evaluating Sleep State [\_S2_] (20150930/hwxface-580)
[    9.902832] ACPI Exception: AE_NOT_FOUND, While evaluating Sleep State [\_S3_] (20150930/hwxface-580)
[    9.959351] ACPI Exception: AE_NOT_FOUND, While evaluating Sleep State [\_S4_] (20150930/hwxface-580)
[   10.039708] ACPI: (supports S0 S5)
[   10.056399] ACPI: Using IOAPIC for interrupt routing
[   10.086538] PCI: Using host bridge windows from ACPI; if necessary, use "pci=nocrs" and report a bug
[   10.154456] ACPI: PCI Root Bridge [PCI0] (domain 0000 [bus 00-ff])
[   10.202007] acpi PNP0A03:00: _OSC: OS supports [ASPM ClockPM Segments MSI]
[   10.242843] acpi PNP0A03:00: _OSC failed (AE_NOT_FOUND); disabling ASPM
[   10.298091] acpi PNP0A03:00: fail to add MMCONFIG information, can't access extended PCI configuration space under this bridge.
[   10.390967] PCI host bridge to bus 0000:00
[   10.425730] pci_bus 0000:00: root bus resource [io  0x0000-0x0cf7 window]
[   10.477297] pci_bus 0000:00: root bus resource [io  0x0d00-0xffff window]
[   10.531855] pci_bus 0000:00: root bus resource [mem 0x000a0000-0x000bffff window]
[   10.594039] pci_bus 0000:00: root bus resource [mem 0xe0000000-0xffdfffff window]
[   10.629409] pci_bus 0000:00: root bus resource [bus 00-ff]
[   10.678727] pci 0000:00:01.1: legacy IDE quirk: reg 0x10: [io  0x01f0-0x01f7]
[   10.729925] pci 0000:00:01.1: legacy IDE quirk: reg 0x14: [io  0x03f6]
[   10.792427] pci 0000:00:01.1: legacy IDE quirk: reg 0x18: [io  0x0170-0x0177]
[   10.802622] pci 0000:00:01.1: legacy IDE quirk: reg 0x1c: [io  0x0376]
[   10.903661] ACPI: PCI Interrupt Link [LNKA] (IRQs 5 9 10 11) *0, disabled.
[   10.927804] ACPI: PCI Interrupt Link [LNKB] (IRQs 5 9 10 *11)
[   10.933906] ACPI: PCI Interrupt Link [LNKC] (IRQs 5 9 *10 11)
[   10.949355] ACPI: PCI Interrupt Link [LNKD] (IRQs 5 *9 10 11)
[   10.965905] ACPI: Enabled 2 GPEs in block 00 to 07
[   10.983138] vgaarb: setting as boot device: PCI:0000:00:02.0
[   10.991846] vgaarb: device added: PCI:0000:00:02.0,decodes=io+mem,owns=io+mem,locks=none
[   11.005437] vgaarb: loaded
[   11.008445] vgaarb: bridge control possible 0000:00:02.0
[   11.019228] SCSI subsystem initialized
[   11.028793] ACPI: bus type USB registered
[   11.032343] usbcore: registered new interface driver usbfs
[   11.050173] usbcore: registered new interface driver hub
[   11.069041] usbcore: registered new device driver usb
[   11.098031] PCI: Using ACPI for IRQ routing
[   11.100011] NetLabel: Initializing
[   11.102669] NetLabel:  domain hash size = 128
[   11.104042] NetLabel:  protocols = UNLABELED CIPSOv4
[   11.105546] NetLabel:  unlabeled traffic allowed by default
[   11.109610] amd_nb: Cannot enumerate AMD northbridges
[   11.113261] clocksource: Switched to clocksource kvm-clock
[   11767]ppmo AArr lestm Enaled[ 116327pn PnPCPIint[ 12038]np P AI:fond dvices
[   12.745690] clocksource: acpi_pm: mask: 0xffffff max_cycles: 0xffffff, max_idle_ns: 2085701024 ns
[   12.830963] NET: Registered protocol family 2
[   12.843338] TCP established hash table entries: 32768 (order: 6, 262144 bytes)
[   12.858997] TCP bind hash table entries: 32768 (order: 7, 524288 bytes)
[   12.888342] TCP: Hash tables configured (established 32768 bind 32768)
[   12.901077] UDP hash table entries: 2048 (order: 4, 65536 bytes)
[   12.908342] UDP-Lite hash table entries: 2048 (order: 4, 65536 bytes)
[   12.913872] NET: Registered protocol family 1
[   12.920028] pci 0000:00:00.0: Limiting direct PCI/PCI transfers
[   12.933868] pci 0000:00:01.0: Activating ISA DMA hang workarounds
[   12.940398] Trying to unpack rootfs image as initramfs...
[   14.80396Frin iit mor 80Kff8836800  fff80377e400)
[  15.5058] I-A:Usg ftreoue ffin f I(SOTLB)
[   16.451807] software IO TLB [mem 0xdbff0000-0xdfff0000] (64MB) mapped at [ffff8800dbff0000-ffff8800dffeffff]

[   16.454734] RAPL U teed AI unit is 2^-32 Joules, 4 fixed counters 10737418240 m ol timer
[   16.821309] hw unit of domain pp0-core 2^-0 Joules
[   16.823127] hw unit of domain package 2^-0 Joules
[   16.824554] hw unit of domain dram 2^-0 Joules

[   16.826129] hw unit of domain pp1-gpu 2^-0 Joules
[   16.830849] platform rtc_cmos: registered platform RTC device (no PNP device found)
[ 16371]cainfor w mo cruioevy  son
[   17.701234] futex hash table entries: 512 (order: 3, 32768 bytes)
[   17.739976] audit: initializing netlink subsys (disabled)
[   17.752077] audit: type=2000 audit(1476914895.871:1): initialized
[   17.788319] Initialise system trusted keyring
[   17.838354] tsc: Refined TSC clocksource calibration: 2000.242 MHz
[   17.862451] clocksource: tsc: mask: 0xffffffffffffffff max_cycles: 0x1cd512cdd7b, max_idle_ns: 440795226596 ns
[   17.873631] HugeTLB registered 2 MB page size, pre-allocated 0 pages
[   17.890014] zbud: loaded
[   17.902047] VFS: Disk quotas dquot_6.6.0
[   17.909070] VFS: Dquot-cache hash table entries: 512 (order 0, 4096 bytes)
[   17.916914] squashfs: version 4.0 (2009/01/31) Phillip Lougher
[   17.922941] fuse init (API version 7.23)
[   17.956781] Key type big_key registered
[   17.958012] Allocating IMA MOK and blacklist keyrings.
[   17.970687] Key type asymmetric registered
[   17.979605] Asymmetric key parser 'x509' registered
[   17.996477] Block layer SCSI generic (bsg) driver version 0.4 loaded (major 249)
[   18.002976] io scheduler noop registered
[   18.012071] io scheduler deadline registered (default)
[   18.022721] io scheduler cfq registered
[   18.031775] pci_hotplug: PCI Hot Plug PCI Core version: 0.5
[   18.034303] pciehp: PCI Express Hot Plug Controller Driver version: 0.4
[   18.037061] ACPI: AC Adapter [AC] (off-line)
[   18.048323] input: Power Button as /devices/LNXSYSTM:00/LNXPWRBN:00/input/input0
[   18.077371] ACPI: Power Button [PWRF]
[   18.094498] input: Sleep Button as /devices/LNXSYSTM:00/LNXSLPBN:00/input/input1
[   18.160013] ACPI: Sleep Button [SLPF]
[   18.186920] GHES: HEST is not enabled!
[   18.188174] ACPI: Battery Slot [BAT0] (battery present)
[   18.229808] Serial: 8250/16550 driver, 32 ports, IRQ sharing enabled
[   18.291865] 00:02: ttyS0 at I/O 0x3f8 (irq = 4, base_baud = 115200) is a 16550A
[   18.330114] Linux agpgart interface v0.103
[   18.344489] brd: module loaded
[   18.399519] loop: module loaded
[   18.445105] scsi host0: ata_piix
[   18.448946] scsi host1: ata_piix
[   18.471622] ata1: PATA max UDMA/33 cmd 0x1f0 ctl 0x3f6 bmdma 0xd000 irq 14
[   18.501436] ata2: PATA max UDMA/33 cmd 0x170 ctl 0x376 bmdma 0xd008 irq 15
[   18.511745] libphy: Fixed MDIO Bus: probed
[   18.520172] tun: Universal TUN/TAP device driver, 1.6
[   18.595266] tun: (C) 1999-2004 Max Krasnyansky <maxk@qualcomm.com>
[   18.598386] PPP generic driver version 2.4.2
[   18.619841] ehci_hcd: USB 2.0 'Enhanced' Host Controller (EHCI) Driver
[   18.633080] ehci-pci: EHCI PCI platform driver
[   18.687555] ehci-platform: EHCI generic platform driver
[   18.737071] ohci_hcd: USB 1.1 'Open' Host Controller (OHCI) Driver
[   18.791236] ohci-pci: OHCI PCI platform driver
[   18.857280] ohci-platform: OHCI generic platform driver
[   18.901038] uhci_hcd: USB Universal Host Controller Interface driver
[   18.904457] i8042: PNP: PS/2 Controller [PNP0303:PS2K,PNP0f03:PS2M] at 0x60,0x64 irq 1,12
[   18.958678] serio: i8042 KBD port at 0x60,0x64 irq 1
[   18.973939] serio: i8042 AUX port at 0x60,0x64 irq 12
[   18.979387] mousedev: PS/2 mouse device common for all mice
[   18.989556] input: AT Translated Set 2 keyboard as /devices/platform/i8042/serio0/input/input2
[   19.005423] rtc_cmos rtc_cmos: rtc core: registered rtc_cmos as rtc0
[   19.005559] rtc_cmos rtc_cmos: alarms up to one day, 114 bytes nvram
[   19.005640] i2c /dev entries driver
[   19.005747] device-mapper: uevent: version 1.0.3
[   19.005857] device-mapper: ioctl: 4.34.0-ioctl (2015-10-28) initialised: dm-devel@redhat.com
[   19.005885] ledtrig-cpu: registered to indicate activity on CPUs
[   19.006371] NET: Registered protocol family 10
[   19.006588] NET: Registered protocol family 17
[   19.006602] Key type dns_resolver registered
[   19.006832] microcode: CPU0 sig=0x40651, pf=0x40, revision=0x0
[   19.013792] microcode: CPU1 sig=0x40651, pf=0x40, revision=0x0
[   19.014384] microcode: Microcode Update Driver: v2.01 <tigran@aivazian.fsnet.co.uk>, Peter Oruba
[   19.014675] registered taskstats version 1
[   19.014693] Loading compiled-in X.509 certificates
[   19.016066] Loaded X.509 cert 'Build time autogenerated kernel key: d76179dc6bbadd817ec29258d181eadabda602cb'
[   19.016146] zswap: loaded using pool lzo/zbud
[   19.018573] Key type trusted registered
[   19.022397] Key type encrypted registered
[   19.022406] AppArmor: AppArmor sha1 policy hashing enabled
[   19.022409] ima: No TPM chip found, activating TPM-bypass!
[   19.022436] evm: HMAC attrs: 0x1
[   19.022975]   Magic number: 4:851:148
[   19.022977]   hash matches /build/linux-BwgxJb/linux-4.4.0/drivers/base/power/main.c:515
[   19.023000] bdi 1:0: hash matches
[   19.051113] rtc_cmos rtc_cmos: setting system clock to 2016-10-19 22:08:22 UTC (1476914902)
[   19.051447] BIOS EDD facility v0.16 2004-Jun-25, 0 devices found
[   19.051448] EDD information not available.
[   19.286077] Freeing unused kernel memory: 1480K (ffffffff81f42000 - ffffffff820b4000)
[   19.311385] Write protecting the kernel read-only data: 14336k
[   19.316316] Freeing unused kernel memory: 1820K (ffff880001839000 - ffff880001a00000)
[   19.319404] Freeing unused kernel memory: 152K (ffff880001dda000 - ffff880001e00000)
Loading, please wait...
starting version[   19.344799] random: systemd-udevd: uninitialized urandom read (16 bytes read, 2 bits of entropy available)
 229
[   19.359571] random: systemd-udevd: uninitialized urandom read (16 bytes read, 2 bits of entropy available)
[   19.364150] random: udevadm: uninitialized urandom read (16 bytes read, 2 bits of entropy available)
[   19.364249] random: udevadm: uninitialized urandom read (16 bytes read, 2 bits of entropy available)
[   19.364636] random: udevadm: uninitialized urandom read (16 bytes read, 2 bits of entropy available)
[   19.364718] random: udevadm: uninitialized urandom read (16 bytes read, 2 bits of entropy available)
[   19.364859] random: udevadm: uninitialized urandom read (16 bytes read, 2 bits of entropy available)
[   19.364918] random: udevadm: uninitialized urandom read (16 bytes read, 2 bits of entropy available)
[   19.364960] random: udevadm: uninitialized urandom read (16 bytes read, 2 bits of entropy available)
[   19.365001] random: udevadm: uninitialized urandom read (16 bytes read, 2 bits of entropy available)
[   19.566831] e1000: Intel(R) PRO/1000 Network Driver - version 7.3.21-k8-NAPI
[   19.571366] e1000: Copyright (c) 1999-2006 Intel Corporation.
[   19.592020] Fusion MPT base driver 3.04.20
[   19.600025] Copyright (c) 1999-2008 LSI Corporation
[   19.609081] Fusion MPT SPI Host driver 3.04.20
[   19.649179] AVX version of gcm_enc/dec engaged.
[   19.661628] AES CTR mode by8 optimization enabled
[   19.867670] input: ImExPS/2 Generic Explorer Mouse as /devices/platform/i8042/serio1/input/input4
[   20.032968] e1000 0000:00:03.0 eth0: (PCI:33MHz:32-bit) 02:3b:10:fe:82:8d
[   20.106461] e1000 0000:00:03.0 eth0: Intel(R) PRO/1000 Network Connection
[   20.127600] e1000 0000:00:03.0 enp0s3: renamed from eth0
[   20.188908] mptbase: ioc0: Initiating bringup
[   20.289892] ioc0: LSI53C1030 A0: Capabilities={Initiator}
[   20.499836] scsi host2: ioc0: LSI53C1030 A0, FwRev=00000000h, Ports=1, MaxQ=256, IRQ=20
[   20.662285] scsi 2:0:0:0: Direct-Access     VBOX     HARDDISK         1.0  PQ: 0 ANSI: 5
[   20.767808] scsi target2:0:0: Beginning Domain Validation
[   20.785818] scsi target2:0:0: Domain Validation skipping write tests
[   20.797207] scsi target2:0:0: Ending Domain Validation
[   20.849050] scsi target2:0:0: asynchronous
[   20.896434] scsi 2:0:1:0: Direct-Access     VBOX     HARDDISK         1.0  PQ: 0 ANSI: 5
[   20.947384] scsi target2:0:1: Beginning Domain Validation
[   20.966412] scsi target2:0:1: Domain Validation skipping write tests
[   21.006888] scsi target2:0:1: Ending Domain Validation
[   21.045300] scsi target2:0:1: asynchronous
[   21.080737] sd 2:0:0:0: Attached scsi generic sg0 type 0
[   21.080876] sd 2:0:0:0: [sda] 20971520 512-byte logical blocks: (10.7 GB/10.0 GiB)
[   21.081104] sd 2:0:0:0: [sda] Write Protect is off
[   21.081233] sd 2:0:0:0: [sda] Incomplete mode parameter data
[   21.081234] sd 2:0:0:0: [sda] Assuming drive cache: write through
[   21.082539]  sda: sda1
[   21.083422] sd 2:0:0:0: [sda] Attached SCSI disk
[   21.362823] sd 2:0:1:0: [sdb] 20480 512-byte logical blocks: (10.5 MB/10.0 MiB)
[   21.375913] sd 2:0:1:0: Attached scsi generic sg1 type 0
[   21.396980] sd 2:0:1:0: [sdb] Write Protect is off
[   21.400628] sd 2:0:1:0: [sdb] Incomplete mode parameter data
[   21.456267] sd 2:0:1:0: [sdb] Assuming drive cache: write through
[   21.508363] sd 2:0:1:0: [sdb] Attached SCSI disk
[   22.653619] floppy0: no floppy controllers found
Begin: Loading e[   24.227354] md: linear personality registered for level -1
ssential drivers ... [   24.254100] md: multipath personality registered for level -4
[   24.268365] md: raid0 personality registered for level 0
[   24.287355] md: raid1 personality registered for level 1
[   24.377402] raid6: sse2x1   gen()  7018 MB/s
[   24.481300] raid6: sse2x1   xor()  5441 MB/s
[   24.581791] raid6: sse2x2   gen()  9181 MB/s
[   24.681341] raid6: sse2x2   xor()  5739 MB/s
[   24.793388] raid6: sse2x4   gen() 10172 MB/s
[   24.905493] raid6: sse2x4   xor()  7350 MB/s
[   24.916886] raid6: using algorithm sse2x4 gen() 10172 MB/s
[   24.988276] raid6: .... xor() 7350 MB/s, rmw enabled
[   25.035748] raid6: using ssse3x2 recovery algorithm
[   25.048360] xor: automatically using best checksumming function:
[   25.117351]    avx       : 18876.000 MB/sec
[   25.147705] async_tx: api initialized (async)
[   25.200520] md: raid6 personality registered for level 6
[   25.258500] md: raid5 personality registered for level 5
[   25.286777] md: raid4 personality registered for level 4
[   25.334214] md: raid10 personality registered for level 10
done.
Begin: Running /scripts/init-premount ... done.
Begin: Mounting root file system ... Beg[   25.430837] Btrfs loaded
in: Running /scripts/local-top ... done.
Begin: Running /scripts/local-premount ... Scanning for Btrfs filesystems
done.
Warning: fsck no[   25.509227] EXT4-fs (sda1): mounted filesystem with ordered data mode. Opts: (null)
t present, so skipping root file system
done.
Begin: Running /scripts/local-bottom ... done.
Begin: Running /scripts/init-bottom ... Warning: overlayroot: debug is busted
done.
[   25.642319] systemd[1]: systemd 229 running in system mode. (+PAM +AUDIT +SELINUX +IMA +APPARMOR +SMACK +SYSVINIT +UTMP +LIBCRYPTSETUP +GCRYPT +GNUTLS +ACL +XZ -LZ4 +SECCOMP +BLKID +ELFUTILS +KMOD -IDN)
[   25.714887] systemd[1]: Detected virtualization oracle.
[   5.4387 ste[1 Decte achiteture x86-64.

Welcome to [1mUbuntu 16.04.1 LTS[0m!

[   2.303 ste[1 St hostnameto<ubutu.

[ 26.7923]syem1]Iniazi machine ID from random generator.
[   27.261727] systemd[1]: Installed transient /etc/machine-id file.

